error[E0277]: the trait bound `usize: Trait` is not satisfied
 --> tests/ui/trait-bound-not-satisfied.rs:9:12
  |
9 |     Static(usize),
  |            ^^^^^ the trait `Trait` is not implemented for `usize`
  |
  = help: see issue #48214
